Traceback (most recent call last):
  File "<frozen runpy>", line 198, in _run_module_as_main
  File "<frozen runpy>", line 88, in _run_code
  File "C:\Users\ASUS\OneDrive\Documents\Desktop\Vishnu_NeuroAI\NeuroAI\backend\venv\Lib\site-packages\uvicorn\__main__.py", line 4, in <module>
    uvicorn.main()
  File "C:\Users\ASUS\OneDrive\Documents\Desktop\Vishnu_NeuroAI\NeuroAI\backend\venv\Lib\site-packages\click\core.py", line 1485, in __call__
    return self.main(*args, **kwargs)
           ^^^^^^^^^^^^^^^^^^^^^^^^^^
  File "C:\Users\ASUS\OneDrive\Documents\Desktop\Vishnu_NeuroAI\NeuroAI\backend\venv\Lib\site-packages\click\core.py", line 1406, in main
    rv = self.invoke(ctx)
         ^^^^^^^^^^^^^^^^
  File "C:\Users\ASUS\OneDrive\Documents\Desktop\Vishnu_NeuroAI\NeuroAI\backend\venv\Lib\site-packages\click\core.py", line 1269, in invoke
    return ctx.invoke(self.callback, **ctx.params)
           ^^^^^^^^^^^^^^^^^^^^^^^^^^^^^^^^^^^^^^^
  File "C:\Users\ASUS\OneDrive\Documents\Desktop\Vishnu_NeuroAI\NeuroAI\backend\venv\Lib\site-packages\click\core.py", line 824, in invoke
    return callback(*args, **kwargs)
           ^^^^^^^^^^^^^^^^^^^^^^^^^
  File "C:\Users\ASUS\OneDrive\Documents\Desktop\Vishnu_NeuroAI\NeuroAI\backend\venv\Lib\site-packages\uvicorn\main.py", line 412, in main
    run(
  File "C:\Users\ASUS\OneDrive\Documents\Desktop\Vishnu_NeuroAI\NeuroAI\backend\venv\Lib\site-packages\uvicorn\main.py", line 579, in run
    server.run()
  File "C:\Users\ASUS\OneDrive\Documents\Desktop\Vishnu_NeuroAI\NeuroAI\backend\venv\Lib\site-packages\uvicorn\server.py", line 65, in run
    return asyncio.run(self.serve(sockets=sockets))
           ^^^^^^^^^^^^^^^^^^^^^^^^^^^^^^^^^^^^^^^^
  File "C:\Users\ASUS\AppData\Local\Programs\Python\Python311\Lib\asyncio\runners.py", line 190, in run
    return runner.run(main)
           ^^^^^^^^^^^^^^^^
  File "C:\Users\ASUS\AppData\Local\Programs\Python\Python311\Lib\asyncio\runners.py", line 118, in run
    return self._loop.run_until_complete(task)
           ^^^^^^^^^^^^^^^^^^^^^^^^^^^^^^^^^^^
  File "C:\Users\ASUS\AppData\Local\Programs\Python\Python311\Lib\asyncio\base_events.py", line 654, in run_until_complete
    return future.result()
           ^^^^^^^^^^^^^^^
  File "C:\Users\ASUS\OneDrive\Documents\Desktop\Vishnu_NeuroAI\NeuroAI\backend\venv\Lib\site-packages\uvicorn\server.py", line 69, in serve
    await self._serve(sockets)
  File "C:\Users\ASUS\OneDrive\Documents\Desktop\Vishnu_NeuroAI\NeuroAI\backend\venv\Lib\site-packages\uvicorn\server.py", line 76, in _serve
    config.load()
  File "C:\Users\ASUS\OneDrive\Documents\Desktop\Vishnu_NeuroAI\NeuroAI\backend\venv\Lib\site-packages\uvicorn\config.py", line 434, in load
    self.loaded_app = import_from_string(self.app)
                      ^^^^^^^^^^^^^^^^^^^^^^^^^^^^
  File "C:\Users\ASUS\OneDrive\Documents\Desktop\Vishnu_NeuroAI\NeuroAI\backend\venv\Lib\site-packages\uvicorn\importer.py", line 19, in import_from_string
    module = importlib.import_module(module_str)
             ^^^^^^^^^^^^^^^^^^^^^^^^^^^^^^^^^^^
  File "C:\Users\ASUS\AppData\Local\Programs\Python\Python311\Lib\importlib\__init__.py", line 126, in import_module
    return _bootstrap._gcd_import(name[level:], package, level)
           ^^^^^^^^^^^^^^^^^^^^^^^^^^^^^^^^^^^^^^^^^^^^^^^^^^^^
  File "<frozen importlib._bootstrap>", line 1204, in _gcd_import
  File "<frozen importlib._bootstrap>", line 1176, in _find_and_load
  File "<frozen importlib._bootstrap>", line 1147, in _find_and_load_unlocked
  File "<frozen importlib._bootstrap>", line 690, in _load_unlocked
  File "<frozen importlib._bootstrap_external>", line 940, in exec_module
  File "<frozen importlib._bootstrap>", line 241, in _call_with_frames_removed
  File "C:\Users\ASUS\OneDrive\Documents\Desktop\Vishnu_NeuroAI\NeuroAI\backend\app\main.py", line 14, in <module>
    from app.routes import predict, report, explain, chat
  File "C:\Users\ASUS\OneDrive\Documents\Desktop\Vishnu_NeuroAI\NeuroAI\backend\app\routes\predict.py", line 9, in <module>
    from app.utils.image_processing import validate_image, ALLOWED_EXTENSIONS
  File "C:\Users\ASUS\OneDrive\Documents\Desktop\Vishnu_NeuroAI\NeuroAI\backend\app\utils\image_processing.py", line 10, in <module>
    import cv2
  File "C:\Users\ASUS\OneDrive\Documents\Desktop\Vishnu_NeuroAI\NeuroAI\backend\venv\Lib\site-packages\cv2\__init__.py", line 181, in <module>
    bootstrap()
  File "C:\Users\ASUS\OneDrive\Documents\Desktop\Vishnu_NeuroAI\NeuroAI\backend\venv\Lib\site-packages\cv2\__init__.py", line 111, in bootstrap
    load_first_config(['config.py'], True)
  File "C:\Users\ASUS\OneDrive\Documents\Desktop\Vishnu_NeuroAI\NeuroAI\backend\venv\Lib\site-packages\cv2\__init__.py", line 109, in load_first_config
    raise ImportError('OpenCV loader: missing configuration file: {}. Check OpenCV installation.'.format(fnames))
ImportError: OpenCV loader: missing configuration file: ['config.py']. Check OpenCV installation.
